// Jest Snapshot v1, https://goo.gl/fbAQLP

exports[`return content from Home matches snapshot 1`] = `
<div>
  <div>
    <h2
      class="mx-auto w-50 text-center mb-5"
    >
      Let´s do some math 
    </h2>
  </div>
  <div
    class="w-100 h-100 App"
  >
    <div
      class="center-calculator"
    >
      <p>
        0
      </p>
    </div>
    <div
      class="center-calculator"
    >
      <div>
        <div>
          <button
            class="square"
            type="button"
          >
            AC
          </button>
        </div>
        <div>
          <button
            class="square"
            type="button"
          >
            +/-
          </button>
        </div>
        <div>
          <button
            class="square"
            type="button"
          >
            %
          </button>
        </div>
        <div>
          <button
            class="square"
            type="button"
          >
            ÷
          </button>
        </div>
      </div>
      <div>
        <div>
          <button
            class="square"
            type="button"
          >
            7
          </button>
        </div>
        <div>
          <button
            class="square"
            type="button"
          >
            8
          </button>
        </div>
        <div>
          <button
            class="square"
            type="button"
          >
            9
          </button>
        </div>
        <div>
          <button
            class="square"
            type="button"
          >
            X
          </button>
        </div>
      </div>
      <div>
        <div>
          <button
            class="square"
            type="button"
          >
            4
          </button>
        </div>
        <div>
          <button
            class="square"
            type="button"
          >
            5
          </button>
        </div>
        <div>
          <button
            class="square"
            type="button"
          >
            6
          </button>
        </div>
        <div>
          <button
            class="square"
            type="button"
          >
            -
          </button>
        </div>
      </div>
      <div>
        <div>
          <button
            class="square"
            type="button"
          >
            1
          </button>
        </div>
        <div>
          <button
            class="square"
            type="button"
          >
            2
          </button>
        </div>
        <div>
          <button
            class="square"
            type="button"
          >
            3
          </button>
        </div>
        <div>
          <button
            class="square"
            type="button"
          >
            +
          </button>
        </div>
      </div>
      <div>
        <div>
          <button
            class="square"
            type="button"
          >
            0
          </button>
        </div>
        <div>
          <button
            class="square"
            type="button"
          >
            .
          </button>
        </div>
        <div>
          <button
            class="square"
            type="button"
          >
            =
          </button>
        </div>
        <div>
          <button
            class="square"
            type="button"
          >
             
          </button>
        </div>
      </div>
    </div>
  </div>
</div>
`;
