// Jest Snapshot v1, https://goo.gl/fbAQLP

exports[`return content from Home matches snapshot 1`] = `
<div>
  <div
    class="Home"
  >
    <h1>
      Welcome to our page
    </h1>
    <p>
      Lorem ipsum odor amet, consectetuer adipiscing elit. Ante metus hac phasellus himenaeos potenti; arcu gravida fermentum? Pharetra purus nec parturient placerat hendrerit tortor. Inceptos quisque consequat lobortis; fringilla tempor risus. Ante at velit nullam elit nascetur condimentum class nostra sociosqu. Sodales odio ut dis morbi convallis fringilla. Ut ornare massa ullamcorper senectus elementum. Non habitant purus vestibulum vel curabitur iaculis elementum. Senectus ipsum non mus natoque netus netus fringilla, ut morbi. Risus orci adipiscing risus odio gravida in.
    </p>
    <p>
      Aliquet nostra tristique dictum consequat congue morbi dolor nascetur. Montes vehicula erat nisi; pretium convallis aptent porttitor odio. Nascetur tortor iaculis metus fermentum potenti habitasse. Facilisi nullam amet iaculis orci cursus rutrum est penatibus. Fringilla tellus efficitur per odio pharetra velit pharetra. Dapibus eget proin curabitur conubia potenti.
    </p>
  </div>
</div>
`;
